\BOOKMARK [1][-]{section.1}{\376\377\000I\000n\000t\000r\000o\000d\000u\000c\000c\000i\000\363\000n}{}% 1
\BOOKMARK [1][-]{section.2}{\376\377\000A\000n\000\341\000l\000i\000s\000i\000s\000\040\000D\000i\000n\000\341\000m\000i\000c\000o\000\040\000\050\000D\000A\000S\000T\000\051}{}% 2
\BOOKMARK [2][-]{subsection.2.1}{\376\377\000H\000e\000r\000r\000a\000m\000i\000e\000n\000t\000a\000s\000\040\000s\000e\000l\000e\000c\000c\000i\000o\000n\000a\000d\000a\000s}{section.2}% 3
\BOOKMARK [2][-]{subsection.2.2}{\376\377\000E\000s\000t\000r\000a\000t\000e\000g\000i\000a\000\040\000D\000A\000S\000T\000\040\000p\000o\000r\000\040\000c\000a\000p\000a\000s}{section.2}% 4
\BOOKMARK [3][-]{subsubsection.2.2.1}{\376\377\000C\000a\000p\000a\000\040\0001\000\040\040\024\000\040\000R\000e\000c\000o\000n\000o\000c\000i\000m\000i\000e\000n\000t\000o\000\040\000\050\000s\000i\000n\000\040\000l\000o\000g\000i\000n\000\051}{subsection.2.2}% 5
\BOOKMARK [3][-]{subsubsection.2.2.2}{\376\377\000C\000a\000p\000a\000\040\0002\000\040\040\024\000\040\000A\000u\000t\000e\000n\000t\000i\000c\000a\000c\000i\000\363\000n}{subsection.2.2}% 6
\BOOKMARK [3][-]{subsubsection.2.2.3}{\376\377\000C\000a\000p\000a\000\040\0003\000\040\040\024\000\040\000A\000u\000t\000o\000r\000i\000z\000a\000d\000o\000\040\000\050\000c\000o\000n\000\040\000c\000u\000e\000n\000t\000a\000\040\000d\000e\000\040\000p\000r\000u\000e\000b\000a\000\051}{subsection.2.2}% 7
\BOOKMARK [3][-]{subsubsection.2.2.4}{\376\377\000C\000a\000p\000a\000\040\0004\000\040\040\024\000\040\000F\000u\000z\000z\000i\000n\000g}{subsection.2.2}% 8
\BOOKMARK [2][-]{subsection.2.3}{\376\377\000P\000l\000a\000n\000\040\000d\000e\000\040\000e\000j\000e\000c\000u\000c\000i\000\363\000n}{section.2}% 9
\BOOKMARK [2][-]{subsection.2.4}{\376\377\000C\000a\000t\000\341\000l\000o\000g\000o\000\040\000e\000s\000p\000e\000r\000a\000d\000o\000\040\000d\000e\000\040\000h\000a\000l\000l\000a\000z\000g\000o\000s\000\040\000y\000\040\000m\000i\000t\000i\000g\000a\000c\000i\000o\000n\000e\000s}{section.2}% 10
\BOOKMARK [1][-]{section.3}{\376\377\000C\000o\000n\000f\000i\000g\000u\000r\000a\000c\000i\000\363\000n\000\040\000S\000e\000g\000u\000r\000a\000\040\040\024\000\040\000H\000a\000r\000d\000e\000n\000i\000n\000g\000\040\000p\000o\000r\000\040\000c\000a\000p\000a}{}% 11
\BOOKMARK [2][-]{subsection.3.1}{\376\377\000S\000i\000s\000t\000e\000m\000a\000\040\000O\000p\000e\000r\000a\000t\000i\000v\000o\000\040\000\050\000h\000o\000s\000t\000\051}{section.3}% 12
\BOOKMARK [2][-]{subsection.3.2}{\376\377\000D\000o\000c\000k\000e\000r\000\040\000/\000\040\000C\000o\000n\000t\000e\000n\000e\000d\000o\000r\000e\000s}{section.3}% 13
\BOOKMARK [2][-]{subsection.3.3}{\376\377\000N\000g\000i\000n\000x\000\040\000\050\000r\000e\000v\000e\000r\000s\000e\000\040\000p\000r\000o\000x\000y\000\040\000+\000\040\000T\000L\000S\000\040\000t\000e\000r\000m\000i\000n\000a\000t\000i\000o\000n\000\051}{section.3}% 14
\BOOKMARK [2][-]{subsection.3.4}{\376\377\000P\000o\000s\000t\000g\000r\000e\000S\000Q\000L\000\040\000\050\000S\000u\000p\000a\000b\000a\000s\000e\000\040\000m\000a\000n\000a\000g\000e\000d\000\051}{section.3}% 15
\BOOKMARK [2][-]{subsection.3.5}{\376\377\000A\000p\000l\000i\000c\000a\000c\000i\000\363\000n\000\040\000F\000a\000s\000t\000A\000P\000I}{section.3}% 16
\BOOKMARK [2][-]{subsection.3.6}{\376\377\000F\000r\000o\000n\000t\000e\000n\000d\000\040\000R\000e\000a\000c\000t\000\040\000\050\000b\000u\000i\000l\000d\000\040\000e\000s\000t\000\341\000t\000i\000c\000o\000\051}{section.3}% 17
\BOOKMARK [1][-]{section.4}{\376\377\000G\000e\000s\000t\000i\000\363\000n\000\040\000d\000e\000\040\000S\000e\000c\000r\000e\000t\000o\000s\000\040\000e\000n\000\040\000P\000r\000o\000d\000u\000c\000c\000i\000\363\000n}{}% 18
\BOOKMARK [2][-]{subsection.4.1}{\376\377\000P\000r\000i\000n\000c\000i\000p\000i\000o\000s}{section.4}% 19
\BOOKMARK [2][-]{subsection.4.2}{\376\377\000I\000n\000v\000e\000n\000t\000a\000r\000i\000o\000\040\000d\000e\000\040\000s\000e\000c\000r\000e\000t\000o\000s}{section.4}% 20
\BOOKMARK [1][-]{section.5}{\376\377\000E\000s\000t\000r\000a\000t\000e\000g\000i\000a\000\040\000d\000e\000\040\000D\000e\000s\000p\000l\000i\000e\000g\000u\000e}{}% 21
\BOOKMARK [2][-]{subsection.5.1}{\376\377\000P\000i\000p\000e\000l\000i\000n\000e\000\040\000d\000e\000\040\000p\000r\000o\000m\000o\000c\000i\000\363\000n}{section.5}% 22
\BOOKMARK [2][-]{subsection.5.2}{\376\377\000E\000s\000t\000r\000a\000t\000e\000g\000i\000a\000\040\000b\000l\000u\000e\000-\000g\000r\000e\000e\000n\000\040\000s\000i\000m\000p\000l\000i\000f\000i\000c\000a\000d\000a\000\040\000\050\000C\000o\000o\000l\000i\000f\000y\000\051}{section.5}% 23
\BOOKMARK [2][-]{subsection.5.3}{\376\377\000P\000l\000a\000n\000\040\000d\000e\000\040\000r\000o\000l\000l\000b\000a\000c\000k}{section.5}% 24
\BOOKMARK [1][-]{section.6}{\376\377\000B\000a\000c\000k\000u\000p\000s\000\040\000y\000\040\000C\000o\000n\000t\000i\000n\000u\000i\000d\000a\000d}{}% 25
\BOOKMARK [1][-]{section.7}{\376\377\000R\000e\000s\000p\000u\000e\000s\000t\000a\000\040\000a\000\040\000I\000n\000c\000i\000d\000e\000n\000t\000e\000s}{}% 26
\BOOKMARK [2][-]{subsection.7.1}{\376\377\000N\000i\000v\000e\000l\000e\000s\000\040\000d\000e\000\040\000s\000e\000v\000e\000r\000i\000d\000a\000d}{section.7}% 27
\BOOKMARK [2][-]{subsection.7.2}{\376\377\000P\000r\000o\000c\000e\000d\000i\000m\000i\000e\000n\000t\000o\000\040\000I\000R\000\040\000\050\000c\000o\000n\000t\000r\000o\000l\000\040\000A\000.\0005\000.\0002\0004\000-\000A\000.\0005\000.\0002\0008\000\051}{section.7}% 28
\BOOKMARK [1][-]{section.8}{\376\377\000M\000o\000n\000i\000t\000o\000r\000e\000o\000\040\000y\000\040\000O\000b\000s\000e\000r\000v\000a\000b\000i\000l\000i\000d\000a\000d}{}% 29
\BOOKMARK [1][-]{section.9}{\376\377\000M\000a\000p\000e\000o\000\040\000a\000\040\000I\000S\000O\000\040\0002\0007\0000\0000\0001\000:\0002\0000\0002\0002}{}% 30
\BOOKMARK [1][-]{section.10}{\376\377\000C\000o\000n\000c\000l\000u\000s\000i\000o\000n\000e\000s}{}% 31
